[INFO]  2026/08/10 23:02:10 企业级网关防护程序 v1.0.0 启动中...
[INFO]  2026/08/10 23:02:10 配置文件: config.json
[INFO]  2026/08/10 23:02:10 正在分析日志文件: ../LoginError.txt
[INFO]  2026/08/10 23:02:10 日志文件共 51 行, 有效行 50
[INFO]  2026/08/10 23:02:10 ========== 登录错误分析 ==========
[INFO]  2026/08/10 23:02:10 UserIdx      错误次数      
[INFO]  2026/08/10 23:02:10 -----------------------------------
[INFO]  2026/08/10 23:02:10 343          16        
[INFO]  2026/08/10 23:02:10 379          11        
[INFO]  2026/08/10 23:02:10 386          7         
[INFO]  2026/08/10 23:02:10 387          4         
[INFO]  2026/08/10 23:02:10 411          6         
[INFO]  2026/08/10 23:02:10 299          5         
[INFO]  2026/08/10 23:02:10 331          1         
[INFO]  2026/08/10 23:02:10 ===================================
[WARN]  2026/08/10 23:02:10 检测到高频错误登录UserIdx: [UserIdx:343(错误16次) UserIdx:379(错误11次) UserIdx:386(错误7次) UserIdx:411(错误6次) UserIdx:299(错误5次)]
[INFO]  2026/08/10 23:02:10 这些UserIdx将被自动加入黑名单进行防护
[INFO]  2026/08/10 23:02:10 控制台命令: stats=查看统计, blacklist=查看黑名单, help=帮助
[INFO]  2026/08/10 23:02:10 代理监听启动: 0.0.0.0:9000 -> 后端 [127.0.0.1:8000]
[INFO]  2026/08/10 23:02:10 API管理接口启动: http://0.0.0.0:9999
[INFO]  2026/08/10 23:02:10 API健康检查: http://0.0.0.0:9999/api/health
[INFO]  2026/08/10 23:02:10 服务已就绪, 等待连接... (按 Ctrl+C 退出)
[INFO]  2026/08/10 23:02:12 收到退出信号, 正在关闭服务...
[INFO]  2026/08/10 23:02:12 服务已停止
[INFO]  2026/08/10 23:02:12 API服务器已停止
[INFO]  2026/08/10 23:02:12 代理服务器已停止
